// Vitest Snapshot v1, https://vitest.dev/guide/snapshot.html

exports[`wrap-hook allow-attributes > matches snapshot 1`] = `
"import {Modal} from "helpers/test-helper/comps/modal";
import { useCallback } from "react";

function Demo(props: { label: string }) {
    
    const handleModalClick = useCallback<(Parameters<typeof Modal>[0]["onClick"]) & Function>(() => {
        console.log(props.label);
    }, [props.label]);
    return <Modal
        info={{size: 10}}
        onClick={handleModalClick}
    />;
}
"
`;

exports[`wrap-hook allow-attributes matches snapshot 1`] = `
"import {Modal} from "helpers/test-helper/comps/modal";
import { useCallback } from "react";

function Demo(props: { label: string }) {
    
    const handleModalClick = useCallback<(Parameters<typeof Modal>[0]["onClick"]) & Function>(() => {
        console.log(props.label);
    }, [props.label]);
    return <Modal
        info={{size: 10}}
        onClick={handleModalClick}
    />;
}
"
`;
